<?xml version="1.0" encoding="UTF-8"?>
<TestRun id="3935590f-e92f-4af4-9924-f647f1a1eec9" name="jrhard@VDIX-1000000077 2012-02-21 15:23:40" runUser="ADMINISTAFF\jrhard" xmlns="http://microsoft.com/schemas/VisualStudio/TeamTest/2010">
  <TestSettings name="Local" id="d5530081-ac9a-467b-9df6-ce60ba9aa7bb">
    <Description>These are default test settings for a local test run.</Description>
    <Deployment userDeploymentRoot="C:\projects\Testable-T-\TestProject1\TestResults" useDefaultDeploymentRoot="false" enabled="false" runDeploymentRoot="jrhard_VDIX-1000000077 2012-02-21 15_23_40">
      <DeploymentItem filename="C:\projects\Testable-T-\TestProject1\Moq.dll" />
    </Deployment>
    <Execution>
      <TestTypeSpecific />
      <AgentRule name="Execution Agents">
      </AgentRule>
    </Execution>
  </TestSettings>
  <Times creation="2012-02-21T15:23:40.0165528-06:00" queuing="2012-02-21T15:23:40.0495528-06:00" start="2012-02-21T15:23:40.0585528-06:00" finish="2012-02-21T15:23:40.5155528-06:00" />
  <ResultSummary outcome="Failed">
    <Counters total="6" executed="6" passed="4" error="0" failed="2" timeout="0" aborted="0" inconclusive="0" passedButRunAborted="0" notRunnable="0" notExecuted="0" disconnected="0" warning="0" completed="0" inProgress="0" pending="0" />
  </ResultSummary>
  <TestDefinitions>
    <UnitTest name="it_should_create_the_object_of_the_class" storage="c:\projects\testable-t-\testproject1\bin\debug\testproject1.dll" id="a6d3e4cf-910b-b5be-aba3-2349a9c7955d">
      <TestCategory>
        <TestCategoryItem TestCategory="unit" />
      </TestCategory>
      <Execution id="d989aabf-b999-42d2-8f2b-9ec0d2c314a7" />
      <TestMethod codeBase="C:/projects/Testable-T-/TestProject1/bin/Debug/TestProject1.DLL" adapterTypeName="Microsoft.VisualStudio.TestTools.TestTypes.Unit.UnitTestAdapter, Microsoft.VisualStudio.QualityTools.Tips.UnitTest.Adapter, Version=10.0.0.0, Culture=neutral, PublicKeyToken=b03f5f7f11d50a3a" className="TestProject1.GivenThatTheTestableWrapperIsInstantiated, TestProject1, Version=1.0.0.0, Culture=neutral, PublicKeyToken=null" name="it_should_create_the_object_of_the_class" />
    </UnitTest>
    <UnitTest name="it_should_fill_foo_property_with_a_default_mock_proxy_object" storage="c:\projects\testable-t-\testproject1\bin\debug\testproject1.dll" id="19309f64-bdb7-7575-8e4f-d51d822dfe3b">
      <TestCategory>
        <TestCategoryItem TestCategory="unit" />
      </TestCategory>
      <Execution id="1de8b092-0769-4c9b-98a5-ddc35f3f15e1" />
      <TestMethod codeBase="C:/projects/Testable-T-/TestProject1/bin/Debug/TestProject1.DLL" adapterTypeName="Microsoft.VisualStudio.TestTools.TestTypes.Unit.UnitTestAdapter, Microsoft.VisualStudio.QualityTools.Tips.UnitTest.Adapter, Version=10.0.0.0, Culture=neutral, PublicKeyToken=b03f5f7f11d50a3a" className="TestProject1.GivenThatTheTestableWrapperIsInstantiated, TestProject1, Version=1.0.0.0, Culture=neutral, PublicKeyToken=null" name="it_should_fill_foo_property_with_a_default_mock_proxy_object" />
    </UnitTest>
    <UnitTest name="it_should_have_1_dependancy_of_type_IFoo" storage="c:\projects\testable-t-\testproject1\bin\debug\testproject1.dll" id="409863c6-b121-d56f-ca9a-7d1fdf530808">
      <TestCategory>
        <TestCategoryItem TestCategory="unit" />
      </TestCategory>
      <Execution id="1db23783-505e-4bbf-bb5f-cb14fdb5d028" />
      <TestMethod codeBase="C:/projects/Testable-T-/TestProject1/bin/Debug/TestProject1.DLL" adapterTypeName="Microsoft.VisualStudio.TestTools.TestTypes.Unit.UnitTestAdapter, Microsoft.VisualStudio.QualityTools.Tips.UnitTest.Adapter, Version=10.0.0.0, Culture=neutral, PublicKeyToken=b03f5f7f11d50a3a" className="TestProject1.GivenThatTheTestableWrapperIsInstantiated, TestProject1, Version=1.0.0.0, Culture=neutral, PublicKeyToken=null" name="it_should_have_1_dependancy_of_type_IFoo" />
    </UnitTest>
    <UnitTest name="it_should_fill_foo_property_with_a_user_defined_object" storage="c:\projects\testable-t-\testproject1\bin\debug\testproject1.dll" id="f075725f-07ef-7a40-4352-7be92eedb2cd">
      <TestCategory>
        <TestCategoryItem TestCategory="unit" />
      </TestCategory>
      <Execution id="28753c20-3828-429c-ac2c-f747cd151cd3" />
      <TestMethod codeBase="C:/projects/Testable-T-/TestProject1/bin/Debug/TestProject1.DLL" adapterTypeName="Microsoft.VisualStudio.TestTools.TestTypes.Unit.UnitTestAdapter, Microsoft.VisualStudio.QualityTools.Tips.UnitTest.Adapter, Version=10.0.0.0, Culture=neutral, PublicKeyToken=b03f5f7f11d50a3a" className="TestProject1.GivenThatTheTestableWrapperIsInstantiated, TestProject1, Version=1.0.0.0, Culture=neutral, PublicKeyToken=null" name="it_should_fill_foo_property_with_a_user_defined_object" />
    </UnitTest>
    <UnitTest name="it_should_create_the_object_of_type_Foo" storage="c:\projects\testable-t-\testproject1\bin\debug\testproject1.dll" id="6428faaa-0e33-526e-d13d-248c2beb6c58">
      <TestCategory>
        <TestCategoryItem TestCategory="unit" />
      </TestCategory>
      <Execution id="e31fbd49-bf47-438b-8c38-9c7844e4fc67" />
      <TestMethod codeBase="C:/projects/Testable-T-/TestProject1/bin/Debug/TestProject1.DLL" adapterTypeName="Microsoft.VisualStudio.TestTools.TestTypes.Unit.UnitTestAdapter, Microsoft.VisualStudio.QualityTools.Tips.UnitTest.Adapter, Version=10.0.0.0, Culture=neutral, PublicKeyToken=b03f5f7f11d50a3a" className="TestProject1.GivenThatTheTestableWrapperIsInstantiated, TestProject1, Version=1.0.0.0, Culture=neutral, PublicKeyToken=null" name="it_should_create_the_object_of_type_Foo" />
    </UnitTest>
    <UnitTest name="it_should_add_1_dependancy_to_the_dependancies_propery_of_the_wrapper" storage="c:\projects\testable-t-\testproject1\bin\debug\testproject1.dll" id="d8aea2f0-0344-1b68-d0bc-5c684de0d826">
      <TestCategory>
        <TestCategoryItem TestCategory="unit" />
      </TestCategory>
      <Execution id="49399f1f-486d-46e9-8b35-a18cb2416866" />
      <TestMethod codeBase="C:/projects/Testable-T-/TestProject1/bin/Debug/TestProject1.DLL" adapterTypeName="Microsoft.VisualStudio.TestTools.TestTypes.Unit.UnitTestAdapter, Microsoft.VisualStudio.QualityTools.Tips.UnitTest.Adapter, Version=10.0.0.0, Culture=neutral, PublicKeyToken=b03f5f7f11d50a3a" className="TestProject1.GivenThatTheTestableWrapperIsInstantiated, TestProject1, Version=1.0.0.0, Culture=neutral, PublicKeyToken=null" name="it_should_add_1_dependancy_to_the_dependancies_propery_of_the_wrapper" />
    </UnitTest>
  </TestDefinitions>
  <TestLists>
    <TestList name="Results Not in a List" id="8c84fa94-04c1-424b-9868-57a2d4851a1d" />
    <TestList name="All Loaded Results" id="19431567-8539-422a-85d7-44ee4e166bda" />
  </TestLists>
  <TestEntries>
    <TestEntry testId="19309f64-bdb7-7575-8e4f-d51d822dfe3b" executionId="1de8b092-0769-4c9b-98a5-ddc35f3f15e1" testListId="8c84fa94-04c1-424b-9868-57a2d4851a1d" />
    <TestEntry testId="409863c6-b121-d56f-ca9a-7d1fdf530808" executionId="1db23783-505e-4bbf-bb5f-cb14fdb5d028" testListId="8c84fa94-04c1-424b-9868-57a2d4851a1d" />
    <TestEntry testId="6428faaa-0e33-526e-d13d-248c2beb6c58" executionId="e31fbd49-bf47-438b-8c38-9c7844e4fc67" testListId="8c84fa94-04c1-424b-9868-57a2d4851a1d" />
    <TestEntry testId="a6d3e4cf-910b-b5be-aba3-2349a9c7955d" executionId="d989aabf-b999-42d2-8f2b-9ec0d2c314a7" testListId="8c84fa94-04c1-424b-9868-57a2d4851a1d" />
    <TestEntry testId="d8aea2f0-0344-1b68-d0bc-5c684de0d826" executionId="49399f1f-486d-46e9-8b35-a18cb2416866" testListId="8c84fa94-04c1-424b-9868-57a2d4851a1d" />
    <TestEntry testId="f075725f-07ef-7a40-4352-7be92eedb2cd" executionId="28753c20-3828-429c-ac2c-f747cd151cd3" testListId="8c84fa94-04c1-424b-9868-57a2d4851a1d" />
  </TestEntries>
  <Results>
    <UnitTestResult executionId="1de8b092-0769-4c9b-98a5-ddc35f3f15e1" testId="19309f64-bdb7-7575-8e4f-d51d822dfe3b" testName="it_should_fill_foo_property_with_a_default_mock_proxy_object" computerName="VDIX-1000000077" duration="00:00:00.1512056" startTime="2012-02-21T15:23:40.0655528-06:00" endTime="2012-02-21T15:23:40.3855528-06:00" testType="13cdc9d9-ddb5-4fa4-a97d-d965ccfc6d4b" outcome="Passed" testListId="8c84fa94-04c1-424b-9868-57a2d4851a1d" relativeResultsDirectory="1de8b092-0769-4c9b-98a5-ddc35f3f15e1">
    </UnitTestResult>
    <UnitTestResult executionId="1db23783-505e-4bbf-bb5f-cb14fdb5d028" testId="409863c6-b121-d56f-ca9a-7d1fdf530808" testName="it_should_have_1_dependancy_of_type_IFoo" computerName="VDIX-1000000077" duration="00:00:00.0016623" startTime="2012-02-21T15:23:40.3995528-06:00" endTime="2012-02-21T15:23:40.4075528-06:00" testType="13cdc9d9-ddb5-4fa4-a97d-d965ccfc6d4b" outcome="Passed" testListId="8c84fa94-04c1-424b-9868-57a2d4851a1d" relativeResultsDirectory="1db23783-505e-4bbf-bb5f-cb14fdb5d028">
    </UnitTestResult>
    <UnitTestResult executionId="e31fbd49-bf47-438b-8c38-9c7844e4fc67" testId="6428faaa-0e33-526e-d13d-248c2beb6c58" testName="it_should_create_the_object_of_type_Foo" computerName="VDIX-1000000077" duration="00:00:00.0149121" startTime="2012-02-21T15:23:40.4195528-06:00" endTime="2012-02-21T15:23:40.4465528-06:00" testType="13cdc9d9-ddb5-4fa4-a97d-d965ccfc6d4b" outcome="Failed" testListId="8c84fa94-04c1-424b-9868-57a2d4851a1d" relativeResultsDirectory="e31fbd49-bf47-438b-8c38-9c7844e4fc67">
      <Output>
        <ErrorInfo>
          <Message>Assert.IsInstanceOfType failed.  Expected type:&lt;System.RuntimeType&gt;. Actual type:&lt;TestProject1.GivenThatTheTestableWrapperIsInstantiated+Foo&gt;.</Message>
          <StackTrace>   at System.BDDStyleTestingMethodExtensions.ShouldBeInstanceOf(Object context, Object type, String error) in C:\projects\Testable-T-\TestProject1\BDDStyleTestingMethodExtensions.cs:line 112
   at TestProject1.GivenThatTheTestableWrapperIsInstantiated.it_should_create_the_object_of_type_Foo() in C:\projects\Testable-T-\TestProject1\GivenThatTheTestableWrapperIsInstantiated.cs:line 25
</StackTrace>
        </ErrorInfo>
      </Output>
    </UnitTestResult>
    <UnitTestResult executionId="d989aabf-b999-42d2-8f2b-9ec0d2c314a7" testId="a6d3e4cf-910b-b5be-aba3-2349a9c7955d" testName="it_should_create_the_object_of_the_class" computerName="VDIX-1000000077" duration="00:00:00.0009832" startTime="2012-02-21T15:23:40.4555528-06:00" endTime="2012-02-21T15:23:40.4645528-06:00" testType="13cdc9d9-ddb5-4fa4-a97d-d965ccfc6d4b" outcome="Passed" testListId="8c84fa94-04c1-424b-9868-57a2d4851a1d" relativeResultsDirectory="d989aabf-b999-42d2-8f2b-9ec0d2c314a7">
    </UnitTestResult>
    <UnitTestResult executionId="49399f1f-486d-46e9-8b35-a18cb2416866" testId="d8aea2f0-0344-1b68-d0bc-5c684de0d826" testName="it_should_add_1_dependancy_to_the_dependancies_propery_of_the_wrapper" computerName="VDIX-1000000077" duration="00:00:00.0053533" startTime="2012-02-21T15:23:40.4735528-06:00" endTime="2012-02-21T15:23:40.4815528-06:00" testType="13cdc9d9-ddb5-4fa4-a97d-d965ccfc6d4b" outcome="Failed" testListId="8c84fa94-04c1-424b-9868-57a2d4851a1d" relativeResultsDirectory="49399f1f-486d-46e9-8b35-a18cb2416866">
      <Output>
        <ErrorInfo>
          <Message>Assert.AreEqual failed. Expected:&lt;1&gt;. Actual:&lt;5&gt;. </Message>
          <StackTrace>   at System.BDDStyleTestingMethodExtensions.ShouldEqual[T](T context, T objectToCompare, String error) in C:\projects\Testable-T-\TestProject1\BDDStyleTestingMethodExtensions.cs:line 39
   at TestProject1.GivenThatTheTestableWrapperIsInstantiated.it_should_add_1_dependancy_to_the_dependancies_propery_of_the_wrapper() in C:\projects\Testable-T-\TestProject1\GivenThatTheTestableWrapperIsInstantiated.cs:line 52
</StackTrace>
        </ErrorInfo>
      </Output>
    </UnitTestResult>
    <UnitTestResult executionId="28753c20-3828-429c-ac2c-f747cd151cd3" testId="f075725f-07ef-7a40-4352-7be92eedb2cd" testName="it_should_fill_foo_property_with_a_user_defined_object" computerName="VDIX-1000000077" duration="00:00:00.0044859" startTime="2012-02-21T15:23:40.4895528-06:00" endTime="2012-02-21T15:23:40.4965528-06:00" testType="13cdc9d9-ddb5-4fa4-a97d-d965ccfc6d4b" outcome="Passed" testListId="8c84fa94-04c1-424b-9868-57a2d4851a1d" relativeResultsDirectory="28753c20-3828-429c-ac2c-f747cd151cd3">
    </UnitTestResult>
  </Results>
</TestRun>