<?xml version="1.0" encoding="UTF-8"?>
<TestRun id="bb90f3d8-170f-4aa2-940e-253749e95185" name="jrhard@VDIX-1000000077 2012-02-21 15:23:01" runUser="ADMINISTAFF\jrhard" xmlns="http://microsoft.com/schemas/VisualStudio/TeamTest/2010">
  <TestSettings name="Local" id="d5530081-ac9a-467b-9df6-ce60ba9aa7bb">
    <Description>These are default test settings for a local test run.</Description>
    <Deployment userDeploymentRoot="C:\projects\Testable-T-\TestProject1\TestResults" useDefaultDeploymentRoot="false" enabled="false" runDeploymentRoot="jrhard_VDIX-1000000077 2012-02-21 15_23_01">
      <DeploymentItem filename="C:\projects\Testable-T-\TestProject1\Moq.dll" />
    </Deployment>
    <Execution>
      <TestTypeSpecific />
      <AgentRule name="Execution Agents">
      </AgentRule>
    </Execution>
  </TestSettings>
  <Times creation="2012-02-21T15:23:01.6265528-06:00" queuing="2012-02-21T15:23:01.6635528-06:00" start="2012-02-21T15:23:01.7285528-06:00" finish="2012-02-21T15:23:02.4865528-06:00" />
  <ResultSummary outcome="Failed">
    <Counters total="6" executed="6" passed="4" error="0" failed="2" timeout="0" aborted="0" inconclusive="0" passedButRunAborted="0" notRunnable="0" notExecuted="0" disconnected="0" warning="0" completed="0" inProgress="0" pending="0" />
  </ResultSummary>
  <TestDefinitions>
    <UnitTest name="it_should_create_the_object_of_the_class" storage="c:\projects\testable-t-\testproject1\bin\debug\testproject1.dll" id="a6d3e4cf-910b-b5be-aba3-2349a9c7955d">
      <TestCategory>
        <TestCategoryItem TestCategory="unit" />
      </TestCategory>
      <Execution id="12764245-8537-4b00-9a29-0a8824118369" />
      <TestMethod codeBase="C:/projects/Testable-T-/TestProject1/bin/Debug/TestProject1.DLL" adapterTypeName="Microsoft.VisualStudio.TestTools.TestTypes.Unit.UnitTestAdapter, Microsoft.VisualStudio.QualityTools.Tips.UnitTest.Adapter, Version=10.0.0.0, Culture=neutral, PublicKeyToken=b03f5f7f11d50a3a" className="TestProject1.GivenThatTheTestableWrapperIsInstantiated, TestProject1, Version=1.0.0.0, Culture=neutral, PublicKeyToken=null" name="it_should_create_the_object_of_the_class" />
    </UnitTest>
    <UnitTest name="it_should_fill_foo_property_with_a_default_mock_proxy_object" storage="c:\projects\testable-t-\testproject1\bin\debug\testproject1.dll" id="19309f64-bdb7-7575-8e4f-d51d822dfe3b">
      <TestCategory>
        <TestCategoryItem TestCategory="unit" />
      </TestCategory>
      <Execution id="c6b054cd-11d1-4018-9491-87e096cd5e08" />
      <TestMethod codeBase="C:/projects/Testable-T-/TestProject1/bin/Debug/TestProject1.DLL" adapterTypeName="Microsoft.VisualStudio.TestTools.TestTypes.Unit.UnitTestAdapter, Microsoft.VisualStudio.QualityTools.Tips.UnitTest.Adapter, Version=10.0.0.0, Culture=neutral, PublicKeyToken=b03f5f7f11d50a3a" className="TestProject1.GivenThatTheTestableWrapperIsInstantiated, TestProject1, Version=1.0.0.0, Culture=neutral, PublicKeyToken=null" name="it_should_fill_foo_property_with_a_default_mock_proxy_object" />
    </UnitTest>
    <UnitTest name="it_should_have_1_dependancy_of_type_IFoo" storage="c:\projects\testable-t-\testproject1\bin\debug\testproject1.dll" id="409863c6-b121-d56f-ca9a-7d1fdf530808">
      <TestCategory>
        <TestCategoryItem TestCategory="unit" />
      </TestCategory>
      <Execution id="ac43fa1d-6335-4b1e-b720-1e737c20c6be" />
      <TestMethod codeBase="C:/projects/Testable-T-/TestProject1/bin/Debug/TestProject1.DLL" adapterTypeName="Microsoft.VisualStudio.TestTools.TestTypes.Unit.UnitTestAdapter, Microsoft.VisualStudio.QualityTools.Tips.UnitTest.Adapter, Version=10.0.0.0, Culture=neutral, PublicKeyToken=b03f5f7f11d50a3a" className="TestProject1.GivenThatTheTestableWrapperIsInstantiated, TestProject1, Version=1.0.0.0, Culture=neutral, PublicKeyToken=null" name="it_should_have_1_dependancy_of_type_IFoo" />
    </UnitTest>
    <UnitTest name="it_should_fill_foo_property_with_a_user_defined_object" storage="c:\projects\testable-t-\testproject1\bin\debug\testproject1.dll" id="f075725f-07ef-7a40-4352-7be92eedb2cd">
      <TestCategory>
        <TestCategoryItem TestCategory="unit" />
      </TestCategory>
      <Execution id="c161ca47-5bed-4050-9264-2b876a2f7a2a" />
      <TestMethod codeBase="C:/projects/Testable-T-/TestProject1/bin/Debug/TestProject1.DLL" adapterTypeName="Microsoft.VisualStudio.TestTools.TestTypes.Unit.UnitTestAdapter, Microsoft.VisualStudio.QualityTools.Tips.UnitTest.Adapter, Version=10.0.0.0, Culture=neutral, PublicKeyToken=b03f5f7f11d50a3a" className="TestProject1.GivenThatTheTestableWrapperIsInstantiated, TestProject1, Version=1.0.0.0, Culture=neutral, PublicKeyToken=null" name="it_should_fill_foo_property_with_a_user_defined_object" />
    </UnitTest>
    <UnitTest name="it_should_create_the_object_of_type_Foo" storage="c:\projects\testable-t-\testproject1\bin\debug\testproject1.dll" id="6428faaa-0e33-526e-d13d-248c2beb6c58">
      <TestCategory>
        <TestCategoryItem TestCategory="unit" />
      </TestCategory>
      <Execution id="54faeee8-7f4b-4dd8-9802-3bbc19b09e83" />
      <TestMethod codeBase="C:/projects/Testable-T-/TestProject1/bin/Debug/TestProject1.DLL" adapterTypeName="Microsoft.VisualStudio.TestTools.TestTypes.Unit.UnitTestAdapter, Microsoft.VisualStudio.QualityTools.Tips.UnitTest.Adapter, Version=10.0.0.0, Culture=neutral, PublicKeyToken=b03f5f7f11d50a3a" className="TestProject1.GivenThatTheTestableWrapperIsInstantiated, TestProject1, Version=1.0.0.0, Culture=neutral, PublicKeyToken=null" name="it_should_create_the_object_of_type_Foo" />
    </UnitTest>
    <UnitTest name="it_should_add_1_dependancy_to_the_dependancies_propery_of_the_wrapper" storage="c:\projects\testable-t-\testproject1\bin\debug\testproject1.dll" id="d8aea2f0-0344-1b68-d0bc-5c684de0d826">
      <TestCategory>
        <TestCategoryItem TestCategory="unit" />
      </TestCategory>
      <Execution id="64d5d3e9-be70-4baa-ae06-0a97b9afe8e9" />
      <TestMethod codeBase="C:/projects/Testable-T-/TestProject1/bin/Debug/TestProject1.DLL" adapterTypeName="Microsoft.VisualStudio.TestTools.TestTypes.Unit.UnitTestAdapter, Microsoft.VisualStudio.QualityTools.Tips.UnitTest.Adapter, Version=10.0.0.0, Culture=neutral, PublicKeyToken=b03f5f7f11d50a3a" className="TestProject1.GivenThatTheTestableWrapperIsInstantiated, TestProject1, Version=1.0.0.0, Culture=neutral, PublicKeyToken=null" name="it_should_add_1_dependancy_to_the_dependancies_propery_of_the_wrapper" />
    </UnitTest>
  </TestDefinitions>
  <TestLists>
    <TestList name="Results Not in a List" id="8c84fa94-04c1-424b-9868-57a2d4851a1d" />
    <TestList name="All Loaded Results" id="19431567-8539-422a-85d7-44ee4e166bda" />
  </TestLists>
  <TestEntries>
    <TestEntry testId="19309f64-bdb7-7575-8e4f-d51d822dfe3b" executionId="c6b054cd-11d1-4018-9491-87e096cd5e08" testListId="8c84fa94-04c1-424b-9868-57a2d4851a1d" />
    <TestEntry testId="409863c6-b121-d56f-ca9a-7d1fdf530808" executionId="ac43fa1d-6335-4b1e-b720-1e737c20c6be" testListId="8c84fa94-04c1-424b-9868-57a2d4851a1d" />
    <TestEntry testId="6428faaa-0e33-526e-d13d-248c2beb6c58" executionId="54faeee8-7f4b-4dd8-9802-3bbc19b09e83" testListId="8c84fa94-04c1-424b-9868-57a2d4851a1d" />
    <TestEntry testId="a6d3e4cf-910b-b5be-aba3-2349a9c7955d" executionId="12764245-8537-4b00-9a29-0a8824118369" testListId="8c84fa94-04c1-424b-9868-57a2d4851a1d" />
    <TestEntry testId="d8aea2f0-0344-1b68-d0bc-5c684de0d826" executionId="64d5d3e9-be70-4baa-ae06-0a97b9afe8e9" testListId="8c84fa94-04c1-424b-9868-57a2d4851a1d" />
    <TestEntry testId="f075725f-07ef-7a40-4352-7be92eedb2cd" executionId="c161ca47-5bed-4050-9264-2b876a2f7a2a" testListId="8c84fa94-04c1-424b-9868-57a2d4851a1d" />
  </TestEntries>
  <Results>
    <UnitTestResult executionId="c6b054cd-11d1-4018-9491-87e096cd5e08" testId="19309f64-bdb7-7575-8e4f-d51d822dfe3b" testName="it_should_fill_foo_property_with_a_default_mock_proxy_object" computerName="VDIX-1000000077" duration="00:00:00.1635594" startTime="2012-02-21T15:23:01.7035528-06:00" endTime="2012-02-21T15:23:02.0775528-06:00" testType="13cdc9d9-ddb5-4fa4-a97d-d965ccfc6d4b" outcome="Passed" testListId="8c84fa94-04c1-424b-9868-57a2d4851a1d" relativeResultsDirectory="c6b054cd-11d1-4018-9491-87e096cd5e08">
    </UnitTestResult>
    <UnitTestResult executionId="ac43fa1d-6335-4b1e-b720-1e737c20c6be" testId="409863c6-b121-d56f-ca9a-7d1fdf530808" testName="it_should_have_1_dependancy_of_type_IFoo" computerName="VDIX-1000000077" duration="00:00:00.0113850" startTime="2012-02-21T15:23:02.0825528-06:00" endTime="2012-02-21T15:23:02.1045528-06:00" testType="13cdc9d9-ddb5-4fa4-a97d-d965ccfc6d4b" outcome="Passed" testListId="8c84fa94-04c1-424b-9868-57a2d4851a1d" relativeResultsDirectory="ac43fa1d-6335-4b1e-b720-1e737c20c6be">
    </UnitTestResult>
    <UnitTestResult executionId="54faeee8-7f4b-4dd8-9802-3bbc19b09e83" testId="6428faaa-0e33-526e-d13d-248c2beb6c58" testName="it_should_create_the_object_of_type_Foo" computerName="VDIX-1000000077" duration="00:00:00.0224305" startTime="2012-02-21T15:23:02.1325528-06:00" endTime="2012-02-21T15:23:02.2095528-06:00" testType="13cdc9d9-ddb5-4fa4-a97d-d965ccfc6d4b" outcome="Failed" testListId="8c84fa94-04c1-424b-9868-57a2d4851a1d" relativeResultsDirectory="54faeee8-7f4b-4dd8-9802-3bbc19b09e83">
      <Output>
        <ErrorInfo>
          <Message>Assert.IsInstanceOfType failed.  Expected type:&lt;System.RuntimeType&gt;. Actual type:&lt;TestProject1.GivenThatTheTestableWrapperIsInstantiated+Foo&gt;.</Message>
          <StackTrace>   at System.BDDStyleTestingMethodExtensions.ShouldBeInstanceOf(Object context, Object type, String error) in C:\projects\Testable-T-\TestProject1\BDDStyleTestingMethodExtensions.cs:line 112
   at TestProject1.GivenThatTheTestableWrapperIsInstantiated.it_should_create_the_object_of_type_Foo() in C:\projects\Testable-T-\TestProject1\GivenThatTheTestableWrapperIsInstantiated.cs:line 25
</StackTrace>
        </ErrorInfo>
      </Output>
    </UnitTestResult>
    <UnitTestResult executionId="12764245-8537-4b00-9a29-0a8824118369" testId="a6d3e4cf-910b-b5be-aba3-2349a9c7955d" testName="it_should_create_the_object_of_the_class" computerName="VDIX-1000000077" duration="00:00:00.0035917" startTime="2012-02-21T15:23:02.2195528-06:00" endTime="2012-02-21T15:23:02.2355528-06:00" testType="13cdc9d9-ddb5-4fa4-a97d-d965ccfc6d4b" outcome="Passed" testListId="8c84fa94-04c1-424b-9868-57a2d4851a1d" relativeResultsDirectory="12764245-8537-4b00-9a29-0a8824118369">
    </UnitTestResult>
    <UnitTestResult executionId="64d5d3e9-be70-4baa-ae06-0a97b9afe8e9" testId="d8aea2f0-0344-1b68-d0bc-5c684de0d826" testName="it_should_add_1_dependancy_to_the_dependancies_propery_of_the_wrapper" computerName="VDIX-1000000077" duration="00:00:00.0086255" startTime="2012-02-21T15:23:02.2415528-06:00" endTime="2012-02-21T15:23:02.2615528-06:00" testType="13cdc9d9-ddb5-4fa4-a97d-d965ccfc6d4b" outcome="Failed" testListId="8c84fa94-04c1-424b-9868-57a2d4851a1d" relativeResultsDirectory="64d5d3e9-be70-4baa-ae06-0a97b9afe8e9">
      <Output>
        <ErrorInfo>
          <Message>Assert.AreEqual failed. Expected:&lt;1&gt;. Actual:&lt;5&gt;. </Message>
          <StackTrace>   at System.BDDStyleTestingMethodExtensions.ShouldEqual[T](T context, T objectToCompare, String error) in C:\projects\Testable-T-\TestProject1\BDDStyleTestingMethodExtensions.cs:line 39
   at TestProject1.GivenThatTheTestableWrapperIsInstantiated.it_should_add_1_dependancy_to_the_dependancies_propery_of_the_wrapper() in C:\projects\Testable-T-\TestProject1\GivenThatTheTestableWrapperIsInstantiated.cs:line 52
</StackTrace>
        </ErrorInfo>
      </Output>
    </UnitTestResult>
    <UnitTestResult executionId="c161ca47-5bed-4050-9264-2b876a2f7a2a" testId="f075725f-07ef-7a40-4352-7be92eedb2cd" testName="it_should_fill_foo_property_with_a_user_defined_object" computerName="VDIX-1000000077" duration="00:00:00.0144715" startTime="2012-02-21T15:23:02.2795528-06:00" endTime="2012-02-21T15:23:02.3165528-06:00" testType="13cdc9d9-ddb5-4fa4-a97d-d965ccfc6d4b" outcome="Passed" testListId="8c84fa94-04c1-424b-9868-57a2d4851a1d" relativeResultsDirectory="c161ca47-5bed-4050-9264-2b876a2f7a2a">
    </UnitTestResult>
  </Results>
</TestRun>