<?xml version="1.0" encoding="UTF-8"?>
<TestRun id="cb279988-5d62-4e2b-ab90-14c4730984eb" name="jrhard@VDIX-1000000077 2012-02-21 15:32:57" runUser="ADMINISTAFF\jrhard" xmlns="http://microsoft.com/schemas/VisualStudio/TeamTest/2010">
  <TestSettings name="Local" id="d5530081-ac9a-467b-9df6-ce60ba9aa7bb">
    <Description>These are default test settings for a local test run.</Description>
    <Deployment enabled="false" runDeploymentRoot="jrhard_VDIX-1000000077 2012-02-21 15_32_57">
      <DeploymentItem filename="C:\projects\Testable-T-\TestProject1\Moq.dll" />
    </Deployment>
    <Execution>
      <TestTypeSpecific />
      <AgentRule name="Execution Agents">
      </AgentRule>
    </Execution>
  </TestSettings>
  <Times creation="2012-02-21T15:32:57.8465528-06:00" queuing="2012-02-21T15:32:57.9125528-06:00" start="2012-02-21T15:32:57.9205528-06:00" finish="2012-02-21T15:32:58.7195528-06:00" />
  <ResultSummary outcome="Failed">
    <Counters total="6" executed="6" passed="5" error="0" failed="1" timeout="0" aborted="0" inconclusive="0" passedButRunAborted="0" notRunnable="0" notExecuted="0" disconnected="0" warning="0" completed="0" inProgress="0" pending="0" />
  </ResultSummary>
  <TestDefinitions>
    <UnitTest name="it_should_create_the_object_of_the_class" storage="c:\projects\testable-t-\testproject1\bin\debug\testproject1.dll" id="a6d3e4cf-910b-b5be-aba3-2349a9c7955d">
      <TestCategory>
        <TestCategoryItem TestCategory="unit" />
      </TestCategory>
      <Execution id="bac16f96-eda6-455b-8648-4e7031a50642" />
      <TestMethod codeBase="C:/projects/Testable-T-/TestProject1/bin/Debug/TestProject1.DLL" adapterTypeName="Microsoft.VisualStudio.TestTools.TestTypes.Unit.UnitTestAdapter, Microsoft.VisualStudio.QualityTools.Tips.UnitTest.Adapter, Version=10.0.0.0, Culture=neutral, PublicKeyToken=b03f5f7f11d50a3a" className="TestProject1.GivenThatTheTestableWrapperIsInstantiated, TestProject1, Version=1.0.0.0, Culture=neutral, PublicKeyToken=null" name="it_should_create_the_object_of_the_class" />
    </UnitTest>
    <UnitTest name="it_should_add_objects_to_the_dependancies_propery_of_the_wrapper" storage="c:\projects\testable-t-\testproject1\bin\debug\testproject1.dll" id="5e73b3e6-1ef2-360f-a8f7-f630997daae2">
      <TestCategory>
        <TestCategoryItem TestCategory="unit" />
      </TestCategory>
      <Execution id="165d02cd-f28b-4a6f-aeac-e3525229190d" />
      <TestMethod codeBase="C:/projects/Testable-T-/TestProject1/bin/Debug/TestProject1.DLL" adapterTypeName="Microsoft.VisualStudio.TestTools.TestTypes.Unit.UnitTestAdapter, Microsoft.VisualStudio.QualityTools.Tips.UnitTest.Adapter, Version=10.0.0.0, Culture=neutral, PublicKeyToken=b03f5f7f11d50a3a" className="TestProject1.GivenThatTheTestableWrapperIsInstantiated, TestProject1, Version=1.0.0.0, Culture=neutral, PublicKeyToken=null" name="it_should_add_objects_to_the_dependancies_propery_of_the_wrapper" />
    </UnitTest>
    <UnitTest name="it_should_have_1_dependancy_of_type_IFoo" storage="c:\projects\testable-t-\testproject1\bin\debug\testproject1.dll" id="409863c6-b121-d56f-ca9a-7d1fdf530808">
      <TestCategory>
        <TestCategoryItem TestCategory="unit" />
      </TestCategory>
      <Execution id="1b687473-4cf0-49ee-a2dd-95eb91d974e7" />
      <TestMethod codeBase="C:/projects/Testable-T-/TestProject1/bin/Debug/TestProject1.DLL" adapterTypeName="Microsoft.VisualStudio.TestTools.TestTypes.Unit.UnitTestAdapter, Microsoft.VisualStudio.QualityTools.Tips.UnitTest.Adapter, Version=10.0.0.0, Culture=neutral, PublicKeyToken=b03f5f7f11d50a3a" className="TestProject1.GivenThatTheTestableWrapperIsInstantiated, TestProject1, Version=1.0.0.0, Culture=neutral, PublicKeyToken=null" name="it_should_have_1_dependancy_of_type_IFoo" />
    </UnitTest>
    <UnitTest name="it_should_fill_foo_property_with_a_user_defined_object" storage="c:\projects\testable-t-\testproject1\bin\debug\testproject1.dll" id="f075725f-07ef-7a40-4352-7be92eedb2cd">
      <TestCategory>
        <TestCategoryItem TestCategory="unit" />
      </TestCategory>
      <Execution id="b03367eb-d109-40d2-901d-c7f27b6d73d8" />
      <TestMethod codeBase="C:/projects/Testable-T-/TestProject1/bin/Debug/TestProject1.DLL" adapterTypeName="Microsoft.VisualStudio.TestTools.TestTypes.Unit.UnitTestAdapter, Microsoft.VisualStudio.QualityTools.Tips.UnitTest.Adapter, Version=10.0.0.0, Culture=neutral, PublicKeyToken=b03f5f7f11d50a3a" className="TestProject1.GivenThatTheTestableWrapperIsInstantiated, TestProject1, Version=1.0.0.0, Culture=neutral, PublicKeyToken=null" name="it_should_fill_foo_property_with_a_user_defined_object" />
    </UnitTest>
    <UnitTest name="it_should_create_the_object_of_type_Foo" storage="c:\projects\testable-t-\testproject1\bin\debug\testproject1.dll" id="6428faaa-0e33-526e-d13d-248c2beb6c58">
      <TestCategory>
        <TestCategoryItem TestCategory="unit" />
      </TestCategory>
      <Execution id="80c91b9b-a4f7-4d35-a86d-69ce14ffcce2" />
      <TestMethod codeBase="C:/projects/Testable-T-/TestProject1/bin/Debug/TestProject1.DLL" adapterTypeName="Microsoft.VisualStudio.TestTools.TestTypes.Unit.UnitTestAdapter, Microsoft.VisualStudio.QualityTools.Tips.UnitTest.Adapter, Version=10.0.0.0, Culture=neutral, PublicKeyToken=b03f5f7f11d50a3a" className="TestProject1.GivenThatTheTestableWrapperIsInstantiated, TestProject1, Version=1.0.0.0, Culture=neutral, PublicKeyToken=null" name="it_should_create_the_object_of_type_Foo" />
    </UnitTest>
    <UnitTest name="it_should_fill_foo_property_with_a_default_mock_proxy_object" storage="c:\projects\testable-t-\testproject1\bin\debug\testproject1.dll" id="19309f64-bdb7-7575-8e4f-d51d822dfe3b">
      <TestCategory>
        <TestCategoryItem TestCategory="unit" />
      </TestCategory>
      <Execution id="1a212abf-8513-4dd4-9c29-8b7cb9ee2d6c" />
      <TestMethod codeBase="C:/projects/Testable-T-/TestProject1/bin/Debug/TestProject1.DLL" adapterTypeName="Microsoft.VisualStudio.TestTools.TestTypes.Unit.UnitTestAdapter, Microsoft.VisualStudio.QualityTools.Tips.UnitTest.Adapter, Version=10.0.0.0, Culture=neutral, PublicKeyToken=b03f5f7f11d50a3a" className="TestProject1.GivenThatTheTestableWrapperIsInstantiated, TestProject1, Version=1.0.0.0, Culture=neutral, PublicKeyToken=null" name="it_should_fill_foo_property_with_a_default_mock_proxy_object" />
    </UnitTest>
  </TestDefinitions>
  <TestLists>
    <TestList name="Results Not in a List" id="8c84fa94-04c1-424b-9868-57a2d4851a1d" />
    <TestList name="All Loaded Results" id="19431567-8539-422a-85d7-44ee4e166bda" />
  </TestLists>
  <TestEntries>
    <TestEntry testId="19309f64-bdb7-7575-8e4f-d51d822dfe3b" executionId="1a212abf-8513-4dd4-9c29-8b7cb9ee2d6c" testListId="8c84fa94-04c1-424b-9868-57a2d4851a1d" />
    <TestEntry testId="409863c6-b121-d56f-ca9a-7d1fdf530808" executionId="1b687473-4cf0-49ee-a2dd-95eb91d974e7" testListId="8c84fa94-04c1-424b-9868-57a2d4851a1d" />
    <TestEntry testId="5e73b3e6-1ef2-360f-a8f7-f630997daae2" executionId="165d02cd-f28b-4a6f-aeac-e3525229190d" testListId="8c84fa94-04c1-424b-9868-57a2d4851a1d" />
    <TestEntry testId="6428faaa-0e33-526e-d13d-248c2beb6c58" executionId="80c91b9b-a4f7-4d35-a86d-69ce14ffcce2" testListId="8c84fa94-04c1-424b-9868-57a2d4851a1d" />
    <TestEntry testId="a6d3e4cf-910b-b5be-aba3-2349a9c7955d" executionId="bac16f96-eda6-455b-8648-4e7031a50642" testListId="8c84fa94-04c1-424b-9868-57a2d4851a1d" />
    <TestEntry testId="f075725f-07ef-7a40-4352-7be92eedb2cd" executionId="b03367eb-d109-40d2-901d-c7f27b6d73d8" testListId="8c84fa94-04c1-424b-9868-57a2d4851a1d" />
  </TestEntries>
  <Results>
    <UnitTestResult executionId="1a212abf-8513-4dd4-9c29-8b7cb9ee2d6c" testId="19309f64-bdb7-7575-8e4f-d51d822dfe3b" testName="it_should_fill_foo_property_with_a_default_mock_proxy_object" computerName="VDIX-1000000077" duration="00:00:00.1983663" startTime="2012-02-21T15:32:57.9285528-06:00" endTime="2012-02-21T15:32:58.3005528-06:00" testType="13cdc9d9-ddb5-4fa4-a97d-d965ccfc6d4b" outcome="Passed" testListId="8c84fa94-04c1-424b-9868-57a2d4851a1d" relativeResultsDirectory="1a212abf-8513-4dd4-9c29-8b7cb9ee2d6c">
    </UnitTestResult>
    <UnitTestResult executionId="1b687473-4cf0-49ee-a2dd-95eb91d974e7" testId="409863c6-b121-d56f-ca9a-7d1fdf530808" testName="it_should_have_1_dependancy_of_type_IFoo" computerName="VDIX-1000000077" duration="00:00:00.0472829" startTime="2012-02-21T15:32:58.3975528-06:00" endTime="2012-02-21T15:32:58.4475528-06:00" testType="13cdc9d9-ddb5-4fa4-a97d-d965ccfc6d4b" outcome="Failed" testListId="8c84fa94-04c1-424b-9868-57a2d4851a1d" relativeResultsDirectory="1b687473-4cf0-49ee-a2dd-95eb91d974e7">
      <Output>
        <ErrorInfo>
          <Message>Assert.IsInstanceOfType failed.  Expected type:&lt;TestProject1.GivenThatTheTestableWrapperIsInstantiated+IFoo&gt;. Actual type:&lt;System.RuntimeType&gt;.</Message>
          <StackTrace>   at System.BDDStyleTestingMethodExtensions.ShouldBeInstanceOf(Object context, Object type, String error) in C:\projects\Testable-T-\TestProject1\BDDStyleTestingMethodExtensions.cs:line 113
   at TestProject1.GivenThatTheTestableWrapperIsInstantiated.it_should_have_1_dependancy_of_type_IFoo() in C:\projects\Testable-T-\TestProject1\GivenThatTheTestableWrapperIsInstantiated.cs:line 59
</StackTrace>
        </ErrorInfo>
      </Output>
    </UnitTestResult>
    <UnitTestResult executionId="165d02cd-f28b-4a6f-aeac-e3525229190d" testId="5e73b3e6-1ef2-360f-a8f7-f630997daae2" testName="it_should_add_objects_to_the_dependancies_propery_of_the_wrapper" computerName="VDIX-1000000077" duration="00:00:00.0011873" startTime="2012-02-21T15:32:58.4675528-06:00" endTime="2012-02-21T15:32:58.4785528-06:00" testType="13cdc9d9-ddb5-4fa4-a97d-d965ccfc6d4b" outcome="Passed" testListId="8c84fa94-04c1-424b-9868-57a2d4851a1d" relativeResultsDirectory="165d02cd-f28b-4a6f-aeac-e3525229190d">
    </UnitTestResult>
    <UnitTestResult executionId="80c91b9b-a4f7-4d35-a86d-69ce14ffcce2" testId="6428faaa-0e33-526e-d13d-248c2beb6c58" testName="it_should_create_the_object_of_type_Foo" computerName="VDIX-1000000077" duration="00:00:00.0044932" startTime="2012-02-21T15:32:58.4825528-06:00" endTime="2012-02-21T15:32:58.4955528-06:00" testType="13cdc9d9-ddb5-4fa4-a97d-d965ccfc6d4b" outcome="Passed" testListId="8c84fa94-04c1-424b-9868-57a2d4851a1d" relativeResultsDirectory="80c91b9b-a4f7-4d35-a86d-69ce14ffcce2">
    </UnitTestResult>
    <UnitTestResult executionId="bac16f96-eda6-455b-8648-4e7031a50642" testId="a6d3e4cf-910b-b5be-aba3-2349a9c7955d" testName="it_should_create_the_object_of_the_class" computerName="VDIX-1000000077" duration="00:00:00.0044581" startTime="2012-02-21T15:32:58.4985528-06:00" endTime="2012-02-21T15:32:58.5135528-06:00" testType="13cdc9d9-ddb5-4fa4-a97d-d965ccfc6d4b" outcome="Passed" testListId="8c84fa94-04c1-424b-9868-57a2d4851a1d" relativeResultsDirectory="bac16f96-eda6-455b-8648-4e7031a50642">
    </UnitTestResult>
    <UnitTestResult executionId="b03367eb-d109-40d2-901d-c7f27b6d73d8" testId="f075725f-07ef-7a40-4352-7be92eedb2cd" testName="it_should_fill_foo_property_with_a_user_defined_object" computerName="VDIX-1000000077" duration="00:00:00.0014874" startTime="2012-02-21T15:32:58.5175528-06:00" endTime="2012-02-21T15:32:58.5265528-06:00" testType="13cdc9d9-ddb5-4fa4-a97d-d965ccfc6d4b" outcome="Passed" testListId="8c84fa94-04c1-424b-9868-57a2d4851a1d" relativeResultsDirectory="b03367eb-d109-40d2-901d-c7f27b6d73d8">
    </UnitTestResult>
  </Results>
</TestRun>